// Jest Snapshot v1, https://goo.gl/fbAQLP

exports[`renders without crashing 1`] = `
<div
  className="App"
>
  <div
    className="App-header"
  >
    <img
      alt="logo"
      className="App-logo"
      src="logo.svg"
    />
    <h2>
      Welcome to React
    </h2>
  </div>
  <p
    className="App-intro"
  >
    To get started, edit 
    <code>
      src/App.js
    </code>
     and save to reload.
  </p>
  <div
    className="Channel"
  >
    <h2>
      Test-Stream
    </h2>
    <div
      className="ChannelItem"
    >
      <div>
        Title-Image
      </div>
      <div>
        Title
      </div>
      <div>
        Information-Header
      </div>
      <div>
        Description
      </div>
    </div>
    <div
      className="ChannelItem"
    >
      <div>
        Title-Image
      </div>
      <div>
        Title
      </div>
      <div>
        Information-Header
      </div>
      <div>
        Description
      </div>
    </div>
    <div
      className="ChannelItem"
    >
      <div>
        Title-Image
      </div>
      <div>
        Title
      </div>
      <div>
        Information-Header
      </div>
      <div>
        Description
      </div>
    </div>
  </div>
</div>
`;
